寮€濮嬫祴璇曢珮绾?JavaScript 鐗规€?..


============================================================
娴嬭瘯: Function 澹版槑
============================================================
浠ｇ爜:

function helper() {
  return "test"
}

const result = helper()
div{123}


node.exe : 鉂?澶辫触!
所在位置 行:1 字符: 1
+ & "D:\devlang\nodejs/node.exe" "D:\devlang\nodejs/node_modules/npm/bi ...
+ ~~~~~~~~~~~~~~~~~~~~~~~~~~~~~~~~~~~~~~~~~~~~~~~~~~~~~~~~~~~~~~~~~~~~~
    + CategoryInfo          : NotSpecified: (鉂?澶辫触!:String) [], RemoteException
    + FullyQualifiedErrorId : NativeCommandError
 
閿欒: BindingIdentifier

============================================================
娴嬭瘯: Function 甯﹀弬鏁?============================================================
浠ｇ爜:

function add(a, b) {
  return a + b
}

div{456}


鉂?澶辫触!
閿欒: BindingIdentifier

============================================================
娴嬭瘯: For 寰幆
============================================================
浠ｇ爜:

const items = [1, 2, 3]

for (let i = 0; i < items.length; i++) {
  console.log(i)
}

div{789}


鉁?鎴愬姛!
杈撳嚭锛堝墠300瀛楃锛?
import OvsAPI from 'ovsjs/src/OvsAPI'

const items = [1,2,3,];export default (function(){const children = [];children.push
((
function(){const children 
= [];children
.push
(
789);return OvsAPI
.createVNode
('div',children
)})());return children})
()...

============================================================
娴嬭瘯: While 寰幆
============================================================
浠ｇ爜:

let count = 0

while (count < 5) {
  count++
}

div{123}


鉁?鎴愬姛!
杈撳嚭锛堝墠300瀛楃锛?
import OvsAPI from 'ovsjs/src/OvsAPI'

let count = 0;export default (function(){const children = [];children.push
((
function(){const children 
= [];children
.push
(
123);return OvsAPI
.createVNode
('div',children
)})());return children})
()...

============================================================
娴嬭瘯: 绠ご鍑芥暟 - 绠€鍗?============================================================
浠ｇ爜:

const double = (x) => x * 2

div{123}


鉁?鎴愬姛!
杈撳嚭锛堝墠300瀛楃锛?
import OvsAPI from 'ovsjs/src/OvsAPI'

const double = x => x;export default (function(){const children = [];children.push
((
function(){const children 
= [];children
.push
(
123);return OvsAPI
.createVNode
('div',children
)})());return children})
()...

============================================================
娴嬭瘯: 绠ご鍑芥暟 - 鏃犲弬鏁?============================================================
浠ｇ爜:

const getValue = () => 42

div{123}


鉁?鎴愬姛!
杈撳嚭锛堝墠300瀛楃锛?
import OvsAPI from 'ovsjs/src/OvsAPI'

const getValue = () => 42;export default (function(){const children = [];children.push
((
function(){const children 
= [];children
.push
(
123);return OvsAPI
.createVNode
('div',children
)})());return children})
()...

============================================================
娴嬭瘯: Class 澹版槑
============================================================
浠ｇ爜:

class Person {
  constructor(name) {
    this.name = name
  }
}

div{123}


鉂?澶辫触!
閿欒: Cannot read properties of null (reading 'name')

============================================================
娴嬭瘯鎬荤粨
============================================================

鎬昏: 7 涓祴璇?鎴愬姛: 4
澶辫触: 3

璇︾粏缁撴灉:
鉂?Function 澹版槑
   閿欒: BindingIdentifier
鉂?Function 甯﹀弬鏁?   閿欒: BindingIdentifier
鉁?For 寰幆
鉁?While 寰幆
鉁?绠ご鍑芥暟 - 绠€鍗?鉁?绠ご鍑芥暟 - 鏃犲弬鏁?鉂?Class 澹版槑
   閿欒: Cannot read properties of null (reading 'name')
