================================================================================
娴嬭瘯锛歄bjectLiteral 鐨?Or 鏍囪
================================================================================
浠ｇ爜: { }
Tokens: {, }

PrimaryExpression > PrimaryExpression > PrimaryExpression > ObjectLiteral
      馃敼 Consume token[0] - { - <LBrace> [1:1-1] 鉁?      馃敼 Consume token[1] - } - <RBrace> [1:3-3] 鉁?
============================================================
馃攳 Subhuti Debug 杈撳嚭
============================================================

銆愮涓€閮ㄥ垎锛氭€ц兘鎽樿銆?鈹€鈹€鈹€鈹€鈹€鈹€鈹€鈹€鈹€鈹€鈹€鈹€鈹€鈹€鈹€鈹€鈹€鈹€鈹€鈹€鈹€鈹€鈹€鈹€鈹€鈹€鈹€鈹€鈹€鈹€鈹€鈹€鈹€鈹€鈹€鈹€鈹€鈹€鈹€鈹€鈹€鈹€鈹€鈹€鈹€鈹€鈹€鈹€鈹€鈹€鈹€鈹€鈹€鈹€鈹€鈹€鈹€鈹€鈹€鈹€

鈴憋笍  鎬ц兘鎽樿
鈹€鈹€鈹€鈹€鈹€鈹€鈹€鈹€鈹€鈹€鈹€鈹€鈹€鈹€鈹€鈹€鈹€鈹€鈹€鈹€鈹€鈹€鈹€鈹€鈹€鈹€鈹€鈹€鈹€鈹€鈹€鈹€鈹€鈹€鈹€鈹€鈹€鈹€鈹€鈹€
鎬昏€楁椂: 3.05ms
鎬昏皟鐢? 6 娆?瀹為檯鎵ц: 5 娆?缂撳瓨鍛戒腑: 0 娆?(0.0%)

Top 5 鎱㈣鍒?
  1. ObjectLiteral: 1.10ms (1娆? 骞冲潎1103.5渭s)
  2. IdentifierReference: 0.81ms (1娆? 骞冲潎805.9渭s)
  3. Identifier: 0.46ms (1娆? 骞冲潎457.2渭s)
  4. ArrayLiteral: 0.38ms (1娆? 骞冲潎381.6渭s)
  5. Literal: 0.31ms (1娆? 骞冲潎305.6渭s)

馃搵 鎵€鏈夎鍒欒缁嗙粺璁?
  ObjectLiteral: 1娆?| 鎵ц1娆?| 鑰楁椂1.10ms | 缂撳瓨0.0%
  IdentifierReference: 1娆?| 鎵ц1娆?| 鑰楁椂0.81ms | 缂撳瓨0.0%
  Identifier: 1娆?| 鎵ц1娆?| 鑰楁椂0.46ms | 缂撳瓨0.0%
  ArrayLiteral: 1娆?| 鎵ц1娆?| 鑰楁椂0.38ms | 缂撳瓨0.0%
  Literal: 1娆?| 鎵ц1娆?| 鑰楁椂0.31ms | 缂撳瓨0.0%
  PrimaryExpression: 1娆?| 鎵ц0娆?| 鑰楁椂0.00ms | 缂撳瓨0.0%

============================================================

銆愮浜岄儴鍒嗭細CST 楠岃瘉鎶ュ憡銆?鈹€鈹€鈹€鈹€鈹€鈹€鈹€鈹€鈹€鈹€鈹€鈹€鈹€鈹€鈹€鈹€鈹€鈹€鈹€鈹€鈹€鈹€鈹€鈹€鈹€鈹€鈹€鈹€鈹€鈹€鈹€鈹€鈹€鈹€鈹€鈹€鈹€鈹€鈹€鈹€鈹€鈹€鈹€鈹€鈹€鈹€鈹€鈹€鈹€鈹€鈹€鈹€鈹€鈹€鈹€鈹€鈹€鈹€鈹€鈹€

馃攳 CST 楠岃瘉鎶ュ憡
鈹€鈹€鈹€鈹€鈹€鈹€鈹€鈹€鈹€鈹€鈹€鈹€鈹€鈹€鈹€鈹€鈹€鈹€鈹€鈹€鈹€鈹€鈹€鈹€鈹€鈹€鈹€鈹€鈹€鈹€鈹€鈹€鈹€鈹€鈹€鈹€鈹€鈹€鈹€鈹€鈹€鈹€鈹€鈹€鈹€鈹€鈹€鈹€鈹€鈹€鈹€鈹€鈹€鈹€鈹€鈹€鈹€鈹€鈹€鈹€

馃搶 缁撴瀯瀹屾暣鎬? 鉁?   鏃犵粨鏋勯敊璇?
馃搶 Token 瀹屾暣鎬? 鉁?   杈撳叆 tokens: 2 涓?   CST tokens:  2 涓?   杈撳叆鍒楄〃: [{, }]
   CST鍒楄〃:  [{, }]
   鉁?瀹屾暣淇濈暀

馃搶 CST 缁熻:
   鎬昏妭鐐规暟: 4
   鍙跺瓙鑺傜偣: 2
   鏈€澶ф繁搴? 2
   鑺傜偣绫诲瀷: 4 绉?
   鑺傜偣绫诲瀷鍒嗗竷:
     PrimaryExpression: 1
     ObjectLiteral: 1
     LBrace: 1
     RBrace: 1
鈹€鈹€鈹€鈹€鈹€鈹€鈹€鈹€鈹€鈹€鈹€鈹€鈹€鈹€鈹€鈹€鈹€鈹€鈹€鈹€鈹€鈹€鈹€鈹€鈹€鈹€鈹€鈹€鈹€鈹€鈹€鈹€鈹€鈹€鈹€鈹€鈹€鈹€鈹€鈹€鈹€鈹€鈹€鈹€鈹€鈹€鈹€鈹€鈹€鈹€鈹€鈹€鈹€鈹€鈹€鈹€鈹€鈹€鈹€鈹€

銆愮涓夐儴鍒嗭細CST 鍙鍖栥€?鈹€鈹€鈹€鈹€鈹€鈹€鈹€鈹€鈹€鈹€鈹€鈹€鈹€鈹€鈹€鈹€鈹€鈹€鈹€鈹€鈹€鈹€鈹€鈹€鈹€鈹€鈹€鈹€鈹€鈹€鈹€鈹€鈹€鈹€鈹€鈹€鈹€鈹€鈹€鈹€鈹€鈹€鈹€鈹€鈹€鈹€鈹€鈹€鈹€鈹€鈹€鈹€鈹€鈹€鈹€鈹€鈹€鈹€鈹€鈹€

馃搳 CST 缁撴瀯
鈹€鈹€鈹€鈹€鈹€鈹€鈹€鈹€鈹€鈹€鈹€鈹€鈹€鈹€鈹€鈹€鈹€鈹€鈹€鈹€鈹€鈹€鈹€鈹€鈹€鈹€鈹€鈹€鈹€鈹€鈹€鈹€鈹€鈹€鈹€鈹€鈹€鈹€鈹€鈹€鈹€鈹€鈹€鈹€鈹€鈹€鈹€鈹€鈹€鈹€鈹€鈹€鈹€鈹€鈹€鈹€鈹€鈹€鈹€鈹€
鈹斺攢PrimaryExpression
   鈹斺攢ObjectLiteral
      鈹溾攢 LBrace: "{" [1:1-1]
      鈹斺攢 RBrace: "}" [1:3-3]
鈹€鈹€鈹€鈹€鈹€鈹€鈹€鈹€鈹€鈹€鈹€鈹€鈹€鈹€鈹€鈹€鈹€鈹€鈹€鈹€鈹€鈹€鈹€鈹€鈹€鈹€鈹€鈹€鈹€鈹€鈹€鈹€鈹€鈹€鈹€鈹€鈹€鈹€鈹€鈹€鈹€鈹€鈹€鈹€鈹€鈹€鈹€鈹€鈹€鈹€鈹€鈹€鈹€鈹€鈹€鈹€鈹€鈹€鈹€鈹€

============================================================
馃帀 Debug 杈撳嚭瀹屾垚
============================================================

================================================================================
鍒嗘瀽锛?  - PrimaryExpression 璋冪敤 Or([...澶氫釜閫夐」...])
  - ObjectLiteral 鏄?Or 鐨勭5涓垎鏀€夐」
  - 闂锛氫负浠€涔?PrimaryExpression 鏈?[Or]锛孫bjectLiteral 娌℃湁锛?================================================================================
